---
source: src/report.rs
expression: "report(&fixture.scrub(), path)"
---
does not exist `/path/to/directory/a.txt/b/c/does_not_exist.txt`
 - `/path/to/directory/a.txt/b/c/does_not_exist.txt`
                       ^^^^^
                       ↳ File, not a dir [✅ read, ✅ write, ❌ execute]
 - `/path/to/directory/a.txt/b/c/does_not_exist.txt`
             ^^^^^^^^^
             ↳ Dir [✅ read, ✅ write, ✅ execute]
             ↳ Contains (1)
               └── `a.txt` (exists)
🛑
